<?php return array (
  0 => 'Symfony\\Bundle\\FrameworkBundle\\EventListener\\SessionListener',
  1 => 'Symfony\\Component\\HttpFoundation\\Session\\Storage\\NativeSessionStorage',
  2 => 'Symfony\\Component\\HttpFoundation\\Session\\Storage\\PhpBridgeSessionStorage',
  3 => 'Symfony\\Component\\HttpFoundation\\Session\\Storage\\Handler\\NativeFileSessionHandler',
  4 => 'Symfony\\Component\\HttpFoundation\\Session\\Storage\\Proxy\\AbstractProxy',
  5 => 'Symfony\\Component\\HttpFoundation\\Session\\Storage\\Proxy\\SessionHandlerProxy',
  6 => 'Symfony\\Component\\HttpFoundation\\Session\\Session',
  7 => 'Symfony\\Bundle\\FrameworkBundle\\Templating\\GlobalVariables',
  8 => 'Symfony\\Bundle\\FrameworkBundle\\Templating\\TemplateReference',
  9 => 'Symfony\\Bundle\\FrameworkBundle\\Templating\\TemplateNameParser',
  10 => 'Symfony\\Bundle\\FrameworkBundle\\Templating\\Loader\\TemplateLocator',
  11 => 'Symfony\\Component\\Routing\\Generator\\UrlGenerator',
  12 => 'Symfony\\Component\\Routing\\RequestContext',
  13 => 'Symfony\\Component\\Routing\\Router',
  14 => 'Symfony\\Bundle\\FrameworkBundle\\Routing\\RedirectableUrlMatcher',
  15 => 'Symfony\\Bundle\\FrameworkBundle\\Routing\\Router',
  16 => 'Symfony\\Component\\Config\\FileLocator',
  17 => 'Symfony\\Component\\EventDispatcher\\Event',
  18 => 'Symfony\\Component\\EventDispatcher\\ContainerAwareEventDispatcher',
  19 => 'Symfony\\Component\\HttpKernel\\EventListener\\ResponseListener',
  20 => 'Symfony\\Component\\HttpKernel\\EventListener\\RouterListener',
  21 => 'Symfony\\Component\\HttpKernel\\Controller\\ControllerResolver',
  22 => 'Symfony\\Component\\HttpKernel\\Event\\KernelEvent',
  23 => 'Symfony\\Component\\HttpKernel\\Event\\FilterControllerEvent',
  24 => 'Symfony\\Component\\HttpKernel\\Event\\FilterResponseEvent',
  25 => 'Symfony\\Component\\HttpKernel\\Event\\GetResponseEvent',
  26 => 'Symfony\\Component\\HttpKernel\\Event\\GetResponseForControllerResultEvent',
  27 => 'Symfony\\Component\\HttpKernel\\Event\\GetResponseForExceptionEvent',
  28 => 'Symfony\\Component\\HttpKernel\\KernelEvents',
  29 => 'Symfony\\Component\\HttpKernel\\Config\\FileLocator',
  30 => 'Symfony\\Bundle\\FrameworkBundle\\Controller\\ControllerNameParser',
  31 => 'Symfony\\Bundle\\FrameworkBundle\\Controller\\ControllerResolver',
  32 => 'Symfony\\Component\\Security\\Http\\Firewall',
  33 => 'Symfony\\Component\\Security\\Core\\SecurityContext',
  34 => 'Symfony\\Component\\Security\\Core\\User\\UserProviderInterface',
  35 => 'Symfony\\Component\\Security\\Core\\Authentication\\AuthenticationProviderManager',
  36 => 'Symfony\\Component\\Security\\Core\\Authorization\\AccessDecisionManager',
  37 => 'Symfony\\Component\\Security\\Core\\Authorization\\Voter\\VoterInterface',
  38 => 'Symfony\\Bundle\\SecurityBundle\\Security\\FirewallMap',
  39 => 'Symfony\\Bundle\\SecurityBundle\\Security\\FirewallContext',
  40 => 'Symfony\\Component\\HttpFoundation\\RequestMatcher',
  41 => 'Twig_Environment',
  42 => 'Twig_Extension',
  43 => 'Twig_Extension_Core',
  44 => 'Twig_Extension_Escaper',
  45 => 'Twig_Extension_Optimizer',
  46 => 'Twig_LoaderInterface',
  47 => 'Twig_Markup',
  48 => 'Twig_Template',
  49 => 'Monolog\\Formatter\\FormatterInterface',
  50 => 'Monolog\\Formatter\\LineFormatter',
  51 => 'Monolog\\Handler\\HandlerInterface',
  52 => 'Monolog\\Handler\\AbstractHandler',
  53 => 'Monolog\\Handler\\AbstractProcessingHandler',
  54 => 'Monolog\\Handler\\StreamHandler',
  55 => 'Monolog\\Handler\\FingersCrossedHandler',
  56 => 'Monolog\\Handler\\TestHandler',
  57 => 'Monolog\\Logger',
  58 => 'Symfony\\Bridge\\Monolog\\Logger',
  59 => 'Symfony\\Bridge\\Monolog\\Handler\\DebugHandler',
  60 => 'Monolog\\Handler\\FingersCrossed\\ActivationStrategyInterface',
  61 => 'Monolog\\Handler\\FingersCrossed\\ErrorLevelActivationStrategy',
);